
**** 11/12/24 14:18:10 ********* PSpice 9.2 (Mar 2000) ******** ID# 0 ********

 LABA4.1


 ****     CIRCUIT DESCRIPTION


******************************************************************************



V 1 0 SIN(0 40 50)
R2 2 3 740
R3 4 3 140
L1 1 2 58MH
L2 3 0 58MH
C3 2 4 40.5UF
.TRAN 10MS 20MS
.PROBE
.END

**** 11/12/24 14:18:10 ********* PSpice 9.2 (Mar 2000) ******** ID# 0 ********

 LABA4.1


 ****     INITIAL TRANSIENT SOLUTION       TEMPERATURE =   27.000 DEG C


******************************************************************************



 NODE   VOLTAGE     NODE   VOLTAGE     NODE   VOLTAGE     NODE   VOLTAGE


(    1)    0.0000  (    2)    0.0000  (    3)    0.0000  (    4)    0.0000  




    VOLTAGE SOURCE CURRENTS
    NAME         CURRENT

    V            0.000E+00

    TOTAL POWER DISSIPATION   0.00E+00  WATTS



          JOB CONCLUDED

          TOTAL JOB TIME            0.00
